main.c:123:5:main	40	static
main.c:263:6:SystemClock_Config	96	static
main.c:306:13:MX_I2C1_Init	8	static
main.c:352:13:MX_TIM2_Init	64	static
main.c:415:13:MX_USART2_UART_Init	8	static
main.c:450:13:MX_GPIO_Init	40	static
main.c:501:6:ledSuccess	16	static
main.c:511:6:isDeviceAlive	16	static
main.c:520:6:i2cWriteOneByte	32	static
main.c:530:9:i2cReadOneByte	32	static
main.c:542:10:getJustifiedData	24	static
main.c:562:10:twosComplement	16	static
main.c:575:9:checkDirection	24	static
main.c:588:6:initLDDevice	16	static
main.c:601:6:initMotors	8	static
main.c:615:6:testMotors	24	static
main.c:640:6:setMotorDirectionForwards	8	static
main.c:647:6:setMotorDirectionBackwards	8	static
main.c:659:6:Error_Handler	4	static,ignoring_inline_asm
