Archive member included to satisfy reference by file (symbol)

f:/stm32cubeide_1.6.0/stm32cubeide/plugins/com.st.stm32cube.ide.mcu.externaltools.gnu-tools-for-stm32.9-2020-q2-update.win32_1.5.0.202011040924/tools/bin/../lib/gcc/arm-none-eabi/9.3.1/../../../../arm-none-eabi/lib/thumb/v7e-m+fp/hard\libc_nano.a(lib_a-errno.o)
                              Core/Src/syscalls.o (__errno)
f:/stm32cubeide_1.6.0/stm32cubeide/plugins/com.st.stm32cube.ide.mcu.externaltools.gnu-tools-for-stm32.9-2020-q2-update.win32_1.5.0.202011040924/tools/bin/../lib/gcc/arm-none-eabi/9.3.1/../../../../arm-none-eabi/lib/thumb/v7e-m+fp/hard\libc_nano.a(lib_a-exit.o)
                              f:/stm32cubeide_1.6.0/stm32cubeide/plugins/com.st.stm32cube.ide.mcu.externaltools.gnu-tools-for-stm32.9-2020-q2-update.win32_1.5.0.202011040924/tools/bin/../lib/gcc/arm-none-eabi/9.3.1/../../../../arm-none-eabi/lib/thumb/v7e-m+fp/hard/crt0.o (exit)
f:/stm32cubeide_1.6.0/stm32cubeide/plugins/com.st.stm32cube.ide.mcu.externaltools.gnu-tools-for-stm32.9-2020-q2-update.win32_1.5.0.202011040924/tools/bin/../lib/gcc/arm-none-eabi/9.3.1/../../../../arm-none-eabi/lib/thumb/v7e-m+fp/hard\libc_nano.a(lib_a-impure.o)
                              f:/stm32cubeide_1.6.0/stm32cubeide/plugins/com.st.stm32cube.ide.mcu.externaltools.gnu-tools-for-stm32.9-2020-q2-update.win32_1.5.0.202011040924/tools/bin/../lib/gcc/arm-none-eabi/9.3.1/../../../../arm-none-eabi/lib/thumb/v7e-m+fp/hard\libc_nano.a(lib_a-exit.o) (_global_impure_ptr)
f:/stm32cubeide_1.6.0/stm32cubeide/plugins/com.st.stm32cube.ide.mcu.externaltools.gnu-tools-for-stm32.9-2020-q2-update.win32_1.5.0.202011040924/tools/bin/../lib/gcc/arm-none-eabi/9.3.1/../../../../arm-none-eabi/lib/thumb/v7e-m+fp/hard\libc_nano.a(lib_a-init.o)
                              f:/stm32cubeide_1.6.0/stm32cubeide/plugins/com.st.stm32cube.ide.mcu.externaltools.gnu-tools-for-stm32.9-2020-q2-update.win32_1.5.0.202011040924/tools/bin/../lib/gcc/arm-none-eabi/9.3.1/../../../../arm-none-eabi/lib/thumb/v7e-m+fp/hard/crt0.o (__libc_init_array)
f:/stm32cubeide_1.6.0/stm32cubeide/plugins/com.st.stm32cube.ide.mcu.externaltools.gnu-tools-for-stm32.9-2020-q2-update.win32_1.5.0.202011040924/tools/bin/../lib/gcc/arm-none-eabi/9.3.1/../../../../arm-none-eabi/lib/thumb/v7e-m+fp/hard\libc_nano.a(lib_a-memset.o)
                              f:/stm32cubeide_1.6.0/stm32cubeide/plugins/com.st.stm32cube.ide.mcu.externaltools.gnu-tools-for-stm32.9-2020-q2-update.win32_1.5.0.202011040924/tools/bin/../lib/gcc/arm-none-eabi/9.3.1/../../../../arm-none-eabi/lib/thumb/v7e-m+fp/hard/crt0.o (memset)

Allocating common symbols
Common symbol       size              file

hi2c1               0x4c              Core/Src/main.o
uwTick              0x4               Drivers/STM32F3xx_HAL_Driver/Src/stm32f3xx_hal.o
pFlash              0x20              Drivers/STM32F3xx_HAL_Driver/Src/stm32f3xx_hal_flash.o
pid_error           0x2               Core/Src/main.o
htim2               0x4c              Core/Src/main.o
huart2              0x84              Core/Src/main.o

Discarded input sections

 .text          0x0000000000000000        0x0 f:/stm32cubeide_1.6.0/stm32cubeide/plugins/com.st.stm32cube.ide.mcu.externaltools.gnu-tools-for-stm32.9-2020-q2-update.win32_1.5.0.202011040924/tools/bin/../lib/gcc/arm-none-eabi/9.3.1/thumb/v7e-m+fp/hard/crti.o
 .data          0x0000000000000000        0x0 f:/stm32cubeide_1.6.0/stm32cubeide/plugins/com.st.stm32cube.ide.mcu.externaltools.gnu-tools-for-stm32.9-2020-q2-update.win32_1.5.0.202011040924/tools/bin/../lib/gcc/arm-none-eabi/9.3.1/thumb/v7e-m+fp/hard/crti.o
 .bss           0x0000000000000000        0x0 f:/stm32cubeide_1.6.0/stm32cubeide/plugins/com.st.stm32cube.ide.mcu.externaltools.gnu-tools-for-stm32.9-2020-q2-update.win32_1.5.0.202011040924/tools/bin/../lib/gcc/arm-none-eabi/9.3.1/thumb/v7e-m+fp/hard/crti.o
 .data          0x0000000000000000        0x4 f:/stm32cubeide_1.6.0/stm32cubeide/plugins/com.st.stm32cube.ide.mcu.externaltools.gnu-tools-for-stm32.9-2020-q2-update.win32_1.5.0.202011040924/tools/bin/../lib/gcc/arm-none-eabi/9.3.1/thumb/v7e-m+fp/hard/crtbegin.o
 .text          0x0000000000000000       0x7c f:/stm32cubeide_1.6.0/stm32cubeide/plugins/com.st.stm32cube.ide.mcu.externaltools.gnu-tools-for-stm32.9-2020-q2-update.win32_1.5.0.202011040924/tools/bin/../lib/gcc/arm-none-eabi/9.3.1/../../../../arm-none-eabi/lib/thumb/v7e-m+fp/hard/crt0.o
 .data          0x0000000000000000        0x0 f:/stm32cubeide_1.6.0/stm32cubeide/plugins/com.st.stm32cube.ide.mcu.externaltools.gnu-tools-for-stm32.9-2020-q2-update.win32_1.5.0.202011040924/tools/bin/../lib/gcc/arm-none-eabi/9.3.1/../../../../arm-none-eabi/lib/thumb/v7e-m+fp/hard/crt0.o
 .bss           0x0000000000000000        0x0 f:/stm32cubeide_1.6.0/stm32cubeide/plugins/com.st.stm32cube.ide.mcu.externaltools.gnu-tools-for-stm32.9-2020-q2-update.win32_1.5.0.202011040924/tools/bin/../lib/gcc/arm-none-eabi/9.3.1/../../../../arm-none-eabi/lib/thumb/v7e-m+fp/hard/crt0.o
[...]
Memory Configuration

Name             Origin             Length             Attributes
CCMRAM           0x0000000010000000 0x0000000000001000 xrw
RAM              0x0000000020000000 0x0000000000003000 xrw
FLASH            0x0000000008000000 0x0000000000010000 xr
*default*        0x0000000000000000 0xffffffffffffffff

Linker script and memory map

LOAD f:/stm32cubeide_1.6.0/stm32cubeide/plugins/com.st.stm32cube.ide.mcu.externaltools.gnu-tools-for-stm32.9-2020-q2-update.win32_1.5.0.202011040924/tools/bin/../lib/gcc/arm-none-eabi/9.3.1/thumb/v7e-m+fp/hard/crti.o
LOAD f:/stm32cubeide_1.6.0/stm32cubeide/plugins/com.st.stm32cube.ide.mcu.externaltools.gnu-tools-for-stm32.9-2020-q2-update.win32_1.5.0.202011040924/tools/bin/../lib/gcc/arm-none-eabi/9.3.1/thumb/v7e-m+fp/hard/crtbegin.o
LOAD f:/stm32cubeide_1.6.0/stm32cubeide/plugins/com.st.stm32cube.ide.mcu.externaltools.gnu-tools-for-stm32.9-2020-q2-update.win32_1.5.0.202011040924/tools/bin/../lib/gcc/arm-none-eabi/9.3.1/../../../../arm-none-eabi/lib/thumb/v7e-m+fp/hard/crt0.o
LOAD Core/Src/main.o
LOAD Core/Src/stm32f3xx_hal_msp.o
LOAD Core/Src/stm32f3xx_it.o
LOAD Core/Src/syscalls.o
LOAD Core/Src/sysmem.o
LOAD Core/Src/system_stm32f3xx.o
LOAD Core/Startup/startup_stm32f334k8tx.o
LOAD Drivers/STM32F3xx_HAL_Driver/Src/stm32f3xx_hal.o
LOAD Drivers/STM32F3xx_HAL_Driver/Src/stm32f3xx_hal_cortex.o
LOAD Drivers/STM32F3xx_HAL_Driver/Src/stm32f3xx_hal_dma.o
LOAD Drivers/STM32F3xx_HAL_Driver/Src/stm32f3xx_hal_exti.o
LOAD Drivers/STM32F3xx_HAL_Driver/Src/stm32f3xx_hal_flash.o
LOAD Drivers/STM32F3xx_HAL_Driver/Src/stm32f3xx_hal_flash_ex.o
LOAD Drivers/STM32F3xx_HAL_Driver/Src/stm32f3xx_hal_gpio.o
LOAD Drivers/STM32F3xx_HAL_Driver/Src/stm32f3xx_hal_i2c.o
LOAD Drivers/STM32F3xx_HAL_Driver/Src/stm32f3xx_hal_i2c_ex.o
LOAD Drivers/STM32F3xx_HAL_Driver/Src/stm32f3xx_hal_pwr.o
LOAD Drivers/STM32F3xx_HAL_Driver/Src/stm32f3xx_hal_pwr_ex.o
LOAD Drivers/STM32F3xx_HAL_Driver/Src/stm32f3xx_hal_rcc.o
LOAD Drivers/STM32F3xx_HAL_Driver/Src/stm32f3xx_hal_rcc_ex.o
LOAD Drivers/STM32F3xx_HAL_Driver/Src/stm32f3xx_hal_tim.o
LOAD Drivers/STM32F3xx_HAL_Driver/Src/stm32f3xx_hal_tim_ex.o
LOAD Drivers/STM32F3xx_HAL_Driver/Src/stm32f3xx_hal_uart.o
LOAD Drivers/STM32F3xx_HAL_Driver/Src/stm32f3xx_hal_uart_ex.o
START GROUP
LOAD f:/stm32cubeide_1.6.0/stm32cubeide/plugins/com.st.stm32cube.ide.mcu.externaltools.gnu-tools-for-stm32.9-2020-q2-update.win32_1.5.0.202011040924/tools/bin/../lib/gcc/arm-none-eabi/9.3.1/../../../../arm-none-eabi/lib/thumb/v7e-m+fp/hard\libc_nano.a
LOAD f:/stm32cubeide_1.6.0/stm32cubeide/plugins/com.st.stm32cube.ide.mcu.externaltools.gnu-tools-for-stm32.9-2020-q2-update.win32_1.5.0.202011040924/tools/bin/../lib/gcc/arm-none-eabi/9.3.1/../../../../arm-none-eabi/lib/thumb/v7e-m+fp/hard\libm.a
END GROUP
START GROUP
LOAD f:/stm32cubeide_1.6.0/stm32cubeide/plugins/com.st.stm32cube.ide.mcu.externaltools.gnu-tools-for-stm32.9-2020-q2-update.win32_1.5.0.202011040924/tools/bin/../lib/gcc/arm-none-eabi/9.3.1/thumb/v7e-m+fp/hard\libgcc.a
LOAD f:/stm32cubeide_1.6.0/stm32cubeide/plugins/com.st.stm32cube.ide.mcu.externaltools.gnu-tools-for-stm32.9-2020-q2-update.win32_1.5.0.202011040924/tools/bin/../lib/gcc/arm-none-eabi/9.3.1/../../../../arm-none-eabi/lib/thumb/v7e-m+fp/hard\libc_nano.a
END GROUP
START GROUP
LOAD f:/stm32cubeide_1.6.0/stm32cubeide/plugins/com.st.stm32cube.ide.mcu.externaltools.gnu-tools-for-stm32.9-2020-q2-update.win32_1.5.0.202011040924/tools/bin/../lib/gcc/arm-none-eabi/9.3.1/thumb/v7e-m+fp/hard\libgcc.a
LOAD f:/stm32cubeide_1.6.0/stm32cubeide/plugins/com.st.stm32cube.ide.mcu.externaltools.gnu-tools-for-stm32.9-2020-q2-update.win32_1.5.0.202011040924/tools/bin/../lib/gcc/arm-none-eabi/9.3.1/../../../../arm-none-eabi/lib/thumb/v7e-m+fp/hard\libc_nano.a
LOAD f:/stm32cubeide_1.6.0/stm32cubeide/plugins/com.st.stm32cube.ide.mcu.externaltools.gnu-tools-for-stm32.9-2020-q2-update.win32_1.5.0.202011040924/tools/bin/../lib/gcc/arm-none-eabi/9.3.1/../../../../arm-none-eabi/lib/thumb/v7e-m+fp/hard\libnosys.a
END GROUP
START GROUP
LOAD f:/stm32cubeide_1.6.0/stm32cubeide/plugins/com.st.stm32cube.ide.mcu.externaltools.gnu-tools-for-stm32.9-2020-q2-update.win32_1.5.0.202011040924/tools/bin/../lib/gcc/arm-none-eabi/9.3.1/thumb/v7e-m+fp/hard\libgcc.a
LOAD f:/stm32cubeide_1.6.0/stm32cubeide/plugins/com.st.stm32cube.ide.mcu.externaltools.gnu-tools-for-stm32.9-2020-q2-update.win32_1.5.0.202011040924/tools/bin/../lib/gcc/arm-none-eabi/9.3.1/../../../../arm-none-eabi/lib/thumb/v7e-m+fp/hard\libc_nano.a
LOAD f:/stm32cubeide_1.6.0/stm32cubeide/plugins/com.st.stm32cube.ide.mcu.externaltools.gnu-tools-for-stm32.9-2020-q2-update.win32_1.5.0.202011040924/tools/bin/../lib/gcc/arm-none-eabi/9.3.1/../../../../arm-none-eabi/lib/thumb/v7e-m+fp/hard\libnosys.a
END GROUP
LOAD f:/stm32cubeide_1.6.0/stm32cubeide/plugins/com.st.stm32cube.ide.mcu.externaltools.gnu-tools-for-stm32.9-2020-q2-update.win32_1.5.0.202011040924/tools/bin/../lib/gcc/arm-none-eabi/9.3.1/thumb/v7e-m+fp/hard/crtend.o
LOAD f:/stm32cubeide_1.6.0/stm32cubeide/plugins/com.st.stm32cube.ide.mcu.externaltools.gnu-tools-for-stm32.9-2020-q2-update.win32_1.5.0.202011040924/tools/bin/../lib/gcc/arm-none-eabi/9.3.1/thumb/v7e-m+fp/hard/crtn.o
                0x0000000020003000                _estack = (ORIGIN (RAM) + LENGTH (RAM))
                0x0000000000000200                _Min_Heap_Size = 0x200
                0x0000000000000400                _Min_Stack_Size = 0x400

.isr_vector     0x0000000008000000      0x188
                0x0000000008000000                . = ALIGN (0x4)
 *(.isr_vector)
 .isr_vector    0x0000000008000000      0x188 Core/Startup/startup_stm32f334k8tx.o
                0x0000000008000000                g_pfnVectors
                0x0000000008000188                . = ALIGN (0x4)

.text           0x0000000008000188     0x4a44
                0x0000000008000188                . = ALIGN (0x4)
 *(.text)
 .text          0x0000000008000188       0x40 f:/stm32cubeide_1.6.0/stm32cubeide/plugins/com.st.stm32cube.ide.mcu.externaltools.gnu-tools-for-stm32.9-2020-q2-update.win32_1.5.0.202011040924/tools/bin/../lib/gcc/arm-none-eabi/9.3.1/thumb/v7e-m+fp/hard/crtbegin.o
 *(.text*)
 .text.main     0x00000000080001c8      0x2b0 Core/Src/main.o
                0x00000000080001c8                main
 .text.SystemClock_Config
                0x0000000008000478       0xa6 Core/Src/main.o
                0x0000000008000478                SystemClock_Config
 *fill*         0x000000000800051e        0x2 
 .text.MX_I2C1_Init
                0x0000000008000520       0x80 Core/Src/main.o
 .text.MX_TIM2_Init
                0x00000000080005a0      0x104 Core/Src/main.o
 .text.MX_USART2_UART_Init
                0x00000000080006a4       0x64 Core/Src/main.o
 .text.MX_GPIO_Init
                0x0000000008000708      0x100 Core/Src/main.o
 .text.ledSuccess
                0x0000000008000808       0x34 Core/Src/main.o
                0x0000000008000808                ledSuccess
 .text.isDeviceAlive
                0x000000000800083c       0x34 Core/Src/main.o
                0x000000000800083c                isDeviceAlive
 .text.i2cWriteOneByte
                0x0000000008000870       0x40 Core/Src/main.o
                0x0000000008000870                i2cWriteOneByte
 .text.i2cReadOneByte
                0x00000000080008b0       0x50 Core/Src/main.o
                0x00000000080008b0                i2cReadOneByte
 .text.getJustifiedData
                0x0000000008000900       0x6c Core/Src/main.o
                0x0000000008000900                getJustifiedData
 .text.twosComplement
                0x000000000800096c       0x2c Core/Src/main.o
                0x000000000800096c                twosComplement
 .text.checkDirection
                0x0000000008000998       0x28 Core/Src/main.o
                0x0000000008000998                checkDirection
 .text.initLDDevice
                0x00000000080009c0       0x50 Core/Src/main.o
                0x00000000080009c0                initLDDevice
 .text.initMotors
                0x0000000008000a10       0x34 Core/Src/main.o
                0x0000000008000a10                initMotors
 .text.setMotorDirectionForwards
                0x0000000008000a44       0x20 Core/Src/main.o
                0x0000000008000a44                setMotorDirectionForwards
 .text.setMotorDirectionBackwards
                0x0000000008000a64       0x20 Core/Src/main.o
                0x0000000008000a64                setMotorDirectionBackwards
 .text.Error_Handler
                0x0000000008000a84        0xa Core/Src/main.o
                0x0000000008000a84                Error_Handler
 *fill*         0x0000000008000a8e        0x2 
 .text.HAL_MspInit
                0x0000000008000a90       0x48 Core/Src/stm32f3xx_hal_msp.o
                0x0000000008000a90                HAL_MspInit
 .text.HAL_I2C_MspInit
                0x0000000008000ad8       0xc4 Core/Src/stm32f3xx_hal_msp.o
                0x0000000008000ad8                HAL_I2C_MspInit
 .text.HAL_TIM_Base_MspInit
                0x0000000008000b9c       0x3c Core/Src/stm32f3xx_hal_msp.o
                0x0000000008000b9c                HAL_TIM_Base_MspInit
 .text.HAL_TIM_MspPostInit
                0x0000000008000bd8       0x68 Core/Src/stm32f3xx_hal_msp.o
                0x0000000008000bd8                HAL_TIM_MspPostInit
 .text.HAL_UART_MspInit
                0x0000000008000c40       0x88 Core/Src/stm32f3xx_hal_msp.o
                0x0000000008000c40                HAL_UART_MspInit
 .text.NMI_Handler
                0x0000000008000cc8        0x6 Core/Src/stm32f3xx_it.o
                0x0000000008000cc8                NMI_Handler
 .text.HardFault_Handler
                0x0000000008000cce        0x6 Core/Src/stm32f3xx_it.o
                0x0000000008000cce                HardFault_Handler
 .text.MemManage_Handler
                0x0000000008000cd4        0x6 Core/Src/stm32f3xx_it.o
                0x0000000008000cd4                MemManage_Handler
 .text.BusFault_Handler
                0x0000000008000cda        0x6 Core/Src/stm32f3xx_it.o
                0x0000000008000cda                BusFault_Handler
 .text.UsageFault_Handler
                0x0000000008000ce0        0x6 Core/Src/stm32f3xx_it.o
                0x0000000008000ce0                UsageFault_Handler
 .text.SVC_Handler
                0x0000000008000ce6        0xe Core/Src/stm32f3xx_it.o
                0x0000000008000ce6                SVC_Handler
 .text.DebugMon_Handler
                0x0000000008000cf4        0xe Core/Src/stm32f3xx_it.o
                0x0000000008000cf4                DebugMon_Handler
 .text.PendSV_Handler
                0x0000000008000d02        0xe Core/Src/stm32f3xx_it.o
                0x0000000008000d02                PendSV_Handler
 .text.SysTick_Handler
                0x0000000008000d10        0xc Core/Src/stm32f3xx_it.o
                0x0000000008000d10                SysTick_Handler
 .text.SystemInit
                0x0000000008000d1c       0x24 Core/Src/system_stm32f3xx.o
                0x0000000008000d1c                SystemInit
 .text.Reset_Handler
                0x0000000008000d40       0x50 Core/Startup/startup_stm32f334k8tx.o
                0x0000000008000d40                Reset_Handler
 .text.Default_Handler
                0x0000000008000d90        0x2 Core/Startup/startup_stm32f334k8tx.o
                0x0000000008000d90                RTC_Alarm_IRQHandler
                0x0000000008000d90                HRTIM1_Master_IRQHandler
                0x0000000008000d90                TIM1_CC_IRQHandler
                0x0000000008000d90                HRTIM1_FLT_IRQHandler
                0x0000000008000d90                PVD_IRQHandler
                0x0000000008000d90                HRTIM1_TIMD_IRQHandler
                0x0000000008000d90                TAMP_STAMP_IRQHandler
                0x0000000008000d90                EXTI3_IRQHandler
                0x0000000008000d90                EXTI0_IRQHandler
                0x0000000008000d90                FPU_IRQHandler
                0x0000000008000d90                CAN_TX_IRQHandler
                0x0000000008000d90                TIM1_UP_TIM16_IRQHandler
                0x0000000008000d90                ADC1_2_IRQHandler
                0x0000000008000d90                HRTIM1_TIME_IRQHandler
                0x0000000008000d90                SPI1_IRQHandler
                0x0000000008000d90                CAN_SCE_IRQHandler
                0x0000000008000d90                HRTIM1_TIMC_IRQHandler
                0x0000000008000d90                DMA1_Channel4_IRQHandler
                0x0000000008000d90                USART3_IRQHandler
                0x0000000008000d90                DMA1_Channel7_IRQHandler
                0x0000000008000d90                TIM7_DAC2_IRQHandler
                0x0000000008000d90                CAN_RX1_IRQHandler
                0x0000000008000d90                I2C1_EV_IRQHandler
                0x0000000008000d90                DMA1_Channel6_IRQHandler
                0x0000000008000d90                TIM3_IRQHandler
                0x0000000008000d90                RCC_IRQHandler
                0x0000000008000d90                DMA1_Channel1_IRQHandler
                0x0000000008000d90                Default_Handler
                0x0000000008000d90                EXTI15_10_IRQHandler
                0x0000000008000d90                COMP2_IRQHandler
                0x0000000008000d90                HRTIM1_TIMA_IRQHandler
                0x0000000008000d90                TIM6_DAC1_IRQHandler
                0x0000000008000d90                EXTI9_5_IRQHandler
                0x0000000008000d90                RTC_WKUP_IRQHandler
                0x0000000008000d90                DMA1_Channel5_IRQHandler
                0x0000000008000d90                EXTI4_IRQHandler
                0x0000000008000d90                HRTIM1_TIMB_IRQHandler
                0x0000000008000d90                TIM1_TRG_COM_TIM17_IRQHandler
                0x0000000008000d90                DMA1_Channel3_IRQHandler
                0x0000000008000d90                WWDG_IRQHandler
                0x0000000008000d90                TIM2_IRQHandler
                0x0000000008000d90                EXTI1_IRQHandler
                0x0000000008000d90                COMP4_6_IRQHandler
                0x0000000008000d90                USART2_IRQHandler
                0x0000000008000d90                DMA1_Channel2_IRQHandler
                0x0000000008000d90                FLASH_IRQHandler
                0x0000000008000d90                USART1_IRQHandler
                0x0000000008000d90                CAN_RX0_IRQHandler
                0x0000000008000d90                I2C1_ER_IRQHandler
                0x0000000008000d90                EXTI2_TSC_IRQHandler
                0x0000000008000d90                TIM1_BRK_TIM15_IRQHandler
 *fill*         0x0000000008000d92        0x2 
 .text.HAL_Init
                0x0000000008000d94       0x2c Drivers/STM32F3xx_HAL_Driver/Src/stm32f3xx_hal.o
                0x0000000008000d94                HAL_Init
 .text.HAL_InitTick
                0x0000000008000dc0       0x60 Drivers/STM32F3xx_HAL_Driver/Src/stm32f3xx_hal.o
                0x0000000008000dc0                HAL_InitTick
 .text.HAL_IncTick
                0x0000000008000e20       0x28 Drivers/STM32F3xx_HAL_Driver/Src/stm32f3xx_hal.o
                0x0000000008000e20                HAL_IncTick
 .text.HAL_GetTick
                0x0000000008000e48       0x18 Drivers/STM32F3xx_HAL_Driver/Src/stm32f3xx_hal.o
                0x0000000008000e48                HAL_GetTick
 .text.HAL_Delay
                0x0000000008000e60       0x48 Drivers/STM32F3xx_HAL_Driver/Src/stm32f3xx_hal.o
                0x0000000008000e60                HAL_Delay
 .text.__NVIC_SetPriorityGrouping
                0x0000000008000ea8       0x48 Drivers/STM32F3xx_HAL_Driver/Src/stm32f3xx_hal_cortex.o
 .text.__NVIC_GetPriorityGrouping
                0x0000000008000ef0       0x1c Drivers/STM32F3xx_HAL_Driver/Src/stm32f3xx_hal_cortex.o
 .text.__NVIC_SetPriority
                0x0000000008000f0c       0x54 Drivers/STM32F3xx_HAL_Driver/Src/stm32f3xx_hal_cortex.o
 .text.NVIC_EncodePriority
                0x0000000008000f60       0x66 Drivers/STM32F3xx_HAL_Driver/Src/stm32f3xx_hal_cortex.o
 *fill*         0x0000000008000fc6        0x2 
 .text.SysTick_Config
                0x0000000008000fc8       0x44 Drivers/STM32F3xx_HAL_Driver/Src/stm32f3xx_hal_cortex.o
 .text.HAL_NVIC_SetPriorityGrouping
                0x000000000800100c       0x16 Drivers/STM32F3xx_HAL_Driver/Src/stm32f3xx_hal_cortex.o
                0x000000000800100c                HAL_NVIC_SetPriorityGrouping
 .text.HAL_NVIC_SetPriority
                0x0000000008001022       0x38 Drivers/STM32F3xx_HAL_Driver/Src/stm32f3xx_hal_cortex.o
                0x0000000008001022                HAL_NVIC_SetPriority
 .text.HAL_SYSTICK_Config
                0x000000000800105a       0x18 Drivers/STM32F3xx_HAL_Driver/Src/stm32f3xx_hal_cortex.o
                0x000000000800105a                HAL_SYSTICK_Config
 *fill*         0x0000000008001072        0x2 
 .text.HAL_GPIO_Init
                0x0000000008001074      0x2e4 Drivers/STM32F3xx_HAL_Driver/Src/stm32f3xx_hal_gpio.o
                0x0000000008001074                HAL_GPIO_Init
 .text.HAL_GPIO_WritePin
                0x0000000008001358       0x30 Drivers/STM32F3xx_HAL_Driver/Src/stm32f3xx_hal_gpio.o
                0x0000000008001358                HAL_GPIO_WritePin
 .text.HAL_GPIO_TogglePin
                0x0000000008001388       0x34 Drivers/STM32F3xx_HAL_Driver/Src/stm32f3xx_hal_gpio.o
                0x0000000008001388                HAL_GPIO_TogglePin
 .text.HAL_I2C_Init
                0x00000000080013bc      0x11e Drivers/STM32F3xx_HAL_Driver/Src/stm32f3xx_hal_i2c.o
                0x00000000080013bc                HAL_I2C_Init
 *fill*         0x00000000080014da        0x2 
 .text.HAL_I2C_Master_Transmit
                0x00000000080014dc      0x1e8 Drivers/STM32F3xx_HAL_Driver/Src/stm32f3xx_hal_i2c.o
                0x00000000080014dc                HAL_I2C_Master_Transmit
 .text.HAL_I2C_Master_Receive
                0x00000000080016c4      0x1ec Drivers/STM32F3xx_HAL_Driver/Src/stm32f3xx_hal_i2c.o
                0x00000000080016c4                HAL_I2C_Master_Receive
 .text.HAL_I2C_IsDeviceReady
                0x00000000080018b0      0x20e Drivers/STM32F3xx_HAL_Driver/Src/stm32f3xx_hal_i2c.o
                0x00000000080018b0                HAL_I2C_IsDeviceReady
 .text.I2C_Flush_TXDR
                0x0000000008001abe       0x48 Drivers/STM32F3xx_HAL_Driver/Src/stm32f3xx_hal_i2c.o
 .text.I2C_WaitOnFlagUntilTimeout
                0x0000000008001b06       0x80 Drivers/STM32F3xx_HAL_Driver/Src/stm32f3xx_hal_i2c.o
 .text.I2C_WaitOnTXISFlagUntilTimeout
                0x0000000008001b86       0x80 Drivers/STM32F3xx_HAL_Driver/Src/stm32f3xx_hal_i2c.o
 .text.I2C_WaitOnSTOPFlagUntilTimeout
                0x0000000008001c06       0x78 Drivers/STM32F3xx_HAL_Driver/Src/stm32f3xx_hal_i2c.o
 *fill*         0x0000000008001c7e        0x2 
 .text.I2C_WaitOnRXNEFlagUntilTimeout
                0x0000000008001c80       0xd8 Drivers/STM32F3xx_HAL_Driver/Src/stm32f3xx_hal_i2c.o
 .text.I2C_IsAcknowledgeFailed
                0x0000000008001d58       0xcc Drivers/STM32F3xx_HAL_Driver/Src/stm32f3xx_hal_i2c.o
 .text.I2C_TransferConfig
                0x0000000008001e24       0x5c Drivers/STM32F3xx_HAL_Driver/Src/stm32f3xx_hal_i2c.o
 .text.HAL_I2CEx_ConfigAnalogFilter
                0x0000000008001e80       0x96 Drivers/STM32F3xx_HAL_Driver/Src/stm32f3xx_hal_i2c_ex.o
                0x0000000008001e80                HAL_I2CEx_ConfigAnalogFilter
 .text.HAL_I2CEx_ConfigDigitalFilter
                0x0000000008001f16       0x98 Drivers/STM32F3xx_HAL_Driver/Src/stm32f3xx_hal_i2c_ex.o
                0x0000000008001f16                HAL_I2CEx_ConfigDigitalFilter
 *fill*         0x0000000008001fae        0x2 
 .text.HAL_RCC_OscConfig
                0x0000000008001fb0      0xe10 Drivers/STM32F3xx_HAL_Driver/Src/stm32f3xx_hal_rcc.o
                0x0000000008001fb0                HAL_RCC_OscConfig
 .text.HAL_RCC_ClockConfig
                0x0000000008002dc0      0x2f8 Drivers/STM32F3xx_HAL_Driver/Src/stm32f3xx_hal_rcc.o
                0x0000000008002dc0                HAL_RCC_ClockConfig
 .text.HAL_RCC_GetSysClockFreq
                0x00000000080030b8       0xd4 Drivers/STM32F3xx_HAL_Driver/Src/stm32f3xx_hal_rcc.o
                0x00000000080030b8                HAL_RCC_GetSysClockFreq
 .text.HAL_RCC_GetHCLKFreq
                0x000000000800318c       0x18 Drivers/STM32F3xx_HAL_Driver/Src/stm32f3xx_hal_rcc.o
                0x000000000800318c                HAL_RCC_GetHCLKFreq
 .text.HAL_RCC_GetPCLK1Freq
                0x00000000080031a4       0x44 Drivers/STM32F3xx_HAL_Driver/Src/stm32f3xx_hal_rcc.o
                0x00000000080031a4                HAL_RCC_GetPCLK1Freq
 .text.HAL_RCC_GetPCLK2Freq
                0x00000000080031e8       0x44 Drivers/STM32F3xx_HAL_Driver/Src/stm32f3xx_hal_rcc.o
                0x00000000080031e8                HAL_RCC_GetPCLK2Freq
 .text.HAL_RCCEx_PeriphCLKConfig
                0x000000000800322c      0x26c Drivers/STM32F3xx_HAL_Driver/Src/stm32f3xx_hal_rcc_ex.o
                0x000000000800322c                HAL_RCCEx_PeriphCLKConfig
 .text.HAL_TIM_Base_Init
                0x0000000008003498       0xae Drivers/STM32F3xx_HAL_Driver/Src/stm32f3xx_hal_tim.o
                0x0000000008003498                HAL_TIM_Base_Init
 .text.HAL_TIM_PWM_Init
                0x0000000008003546       0xae Drivers/STM32F3xx_HAL_Driver/Src/stm32f3xx_hal_tim.o
                0x0000000008003546                HAL_TIM_PWM_Init
 .text.HAL_TIM_PWM_MspInit
                0x00000000080035f4       0x14 Drivers/STM32F3xx_HAL_Driver/Src/stm32f3xx_hal_tim.o
                0x00000000080035f4                HAL_TIM_PWM_MspInit
 .text.HAL_TIM_PWM_Start
                0x0000000008003608      0x1d8 Drivers/STM32F3xx_HAL_Driver/Src/stm32f3xx_hal_tim.o
                0x0000000008003608                HAL_TIM_PWM_Start
 .text.HAL_TIM_PWM_ConfigChannel
                0x00000000080037e0      0x220 Drivers/STM32F3xx_HAL_Driver/Src/stm32f3xx_hal_tim.o
                0x00000000080037e0                HAL_TIM_PWM_ConfigChannel
 .text.HAL_TIM_ConfigClockSource
                0x0000000008003a00      0x18c Drivers/STM32F3xx_HAL_Driver/Src/stm32f3xx_hal_tim.o
                0x0000000008003a00                HAL_TIM_ConfigClockSource
 .text.TIM_Base_SetConfig
                0x0000000008003b8c       0xf0 Drivers/STM32F3xx_HAL_Driver/Src/stm32f3xx_hal_tim.o
                0x0000000008003b8c                TIM_Base_SetConfig
 .text.TIM_OC1_SetConfig
                0x0000000008003c7c      0x10c Drivers/STM32F3xx_HAL_Driver/Src/stm32f3xx_hal_tim.o
 .text.TIM_OC2_SetConfig
                0x0000000008003d88      0x100 Drivers/STM32F3xx_HAL_Driver/Src/stm32f3xx_hal_tim.o
                0x0000000008003d88                TIM_OC2_SetConfig
 .text.TIM_OC3_SetConfig
                0x0000000008003e88       0xfc Drivers/STM32F3xx_HAL_Driver/Src/stm32f3xx_hal_tim.o
 .text.TIM_OC4_SetConfig
                0x0000000008003f84       0xc8 Drivers/STM32F3xx_HAL_Driver/Src/stm32f3xx_hal_tim.o
 .text.TIM_OC5_SetConfig
                0x000000000800404c       0xbc Drivers/STM32F3xx_HAL_Driver/Src/stm32f3xx_hal_tim.o
 .text.TIM_OC6_SetConfig
                0x0000000008004108       0xc0 Drivers/STM32F3xx_HAL_Driver/Src/stm32f3xx_hal_tim.o
 .text.TIM_TI1_ConfigInputStage
                0x00000000080041c8       0x5e Drivers/STM32F3xx_HAL_Driver/Src/stm32f3xx_hal_tim.o
 .text.TIM_TI2_ConfigInputStage
                0x0000000008004226       0x60 Drivers/STM32F3xx_HAL_Driver/Src/stm32f3xx_hal_tim.o
 .text.TIM_ITRx_SetConfig
                0x0000000008004286       0x36 Drivers/STM32F3xx_HAL_Driver/Src/stm32f3xx_hal_tim.o
 .text.TIM_ETR_SetConfig
                0x00000000080042bc       0x40 Drivers/STM32F3xx_HAL_Driver/Src/stm32f3xx_hal_tim.o
                0x00000000080042bc                TIM_ETR_SetConfig
 .text.TIM_CCxChannelCmd
                0x00000000080042fc       0x4a Drivers/STM32F3xx_HAL_Driver/Src/stm32f3xx_hal_tim.o
                0x00000000080042fc                TIM_CCxChannelCmd
 *fill*         0x0000000008004346        0x2 
 .text.HAL_TIMEx_MasterConfigSynchronization
                0x0000000008004348       0xdc Drivers/STM32F3xx_HAL_Driver/Src/stm32f3xx_hal_tim_ex.o
                0x0000000008004348                HAL_TIMEx_MasterConfigSynchronization
 .text.HAL_MultiProcessor_Init
                0x0000000008004424       0xd4 Drivers/STM32F3xx_HAL_Driver/Src/stm32f3xx_hal_uart.o
                0x0000000008004424                HAL_MultiProcessor_Init
 .text.HAL_UART_Transmit
                0x00000000080044f8      0x128 Drivers/STM32F3xx_HAL_Driver/Src/stm32f3xx_hal_uart.o
                0x00000000080044f8                HAL_UART_Transmit
 .text.UART_SetConfig
                0x0000000008004620      0x26c Drivers/STM32F3xx_HAL_Driver/Src/stm32f3xx_hal_uart.o
                0x0000000008004620                UART_SetConfig
 .text.UART_AdvFeatureConfig
                0x000000000800488c      0x144 Drivers/STM32F3xx_HAL_Driver/Src/stm32f3xx_hal_uart.o
                0x000000000800488c                UART_AdvFeatureConfig
 .text.UART_CheckIdleState
                0x00000000080049d0       0x92 Drivers/STM32F3xx_HAL_Driver/Src/stm32f3xx_hal_uart.o
                0x00000000080049d0                UART_CheckIdleState
 .text.UART_WaitOnFlagUntilTimeout
                0x0000000008004a62       0xf8 Drivers/STM32F3xx_HAL_Driver/Src/stm32f3xx_hal_uart.o
                0x0000000008004a62                UART_WaitOnFlagUntilTimeout
 *fill*         0x0000000008004b5a        0x2 
 .text.__libc_init_array
                0x0000000008004b5c       0x48 f:/stm32cubeide_1.6.0/stm32cubeide/plugins/com.st.stm32cube.ide.mcu.externaltools.gnu-tools-for-stm32.9-2020-q2-update.win32_1.5.0.202011040924/tools/bin/../lib/gcc/arm-none-eabi/9.3.1/../../../../arm-none-eabi/lib/thumb/v7e-m+fp/hard\libc_nano.a(lib_a-init.o)
                0x0000000008004b5c                __libc_init_array
 .text.memset   0x0000000008004ba4       0x10 f:/stm32cubeide_1.6.0/stm32cubeide/plugins/com.st.stm32cube.ide.mcu.externaltools.gnu-tools-for-stm32.9-2020-q2-update.win32_1.5.0.202011040924/tools/bin/../lib/gcc/arm-none-eabi/9.3.1/../../../../arm-none-eabi/lib/thumb/v7e-m+fp/hard\libc_nano.a(lib_a-memset.o)
                0x0000000008004ba4                memset
 *(.glue_7)
 .glue_7        0x0000000008004bb4        0x0 linker stubs
 *(.glue_7t)
 .glue_7t       0x0000000008004bb4        0x0 linker stubs
 *(.eh_frame)
 .eh_frame      0x0000000008004bb4        0x0 f:/stm32cubeide_1.6.0/stm32cubeide/plugins/com.st.stm32cube.ide.mcu.externaltools.gnu-tools-for-stm32.9-2020-q2-update.win32_1.5.0.202011040924/tools/bin/../lib/gcc/arm-none-eabi/9.3.1/thumb/v7e-m+fp/hard/crtbegin.o
 *(.init)
 .init          0x0000000008004bb4        0x4 f:/stm32cubeide_1.6.0/stm32cubeide/plugins/com.st.stm32cube.ide.mcu.externaltools.gnu-tools-for-stm32.9-2020-q2-update.win32_1.5.0.202011040924/tools/bin/../lib/gcc/arm-none-eabi/9.3.1/thumb/v7e-m+fp/hard/crti.o
                0x0000000008004bb4                _init
 .init          0x0000000008004bb8        0x8 f:/stm32cubeide_1.6.0/stm32cubeide/plugins/com.st.stm32cube.ide.mcu.externaltools.gnu-tools-for-stm32.9-2020-q2-update.win32_1.5.0.202011040924/tools/bin/../lib/gcc/arm-none-eabi/9.3.1/thumb/v7e-m+fp/hard/crtn.o
 *(.fini)
 .fini          0x0000000008004bc0        0x4 f:/stm32cubeide_1.6.0/stm32cubeide/plugins/com.st.stm32cube.ide.mcu.externaltools.gnu-tools-for-stm32.9-2020-q2-update.win32_1.5.0.202011040924/tools/bin/../lib/gcc/arm-none-eabi/9.3.1/thumb/v7e-m+fp/hard/crti.o
                0x0000000008004bc0                _fini
 .fini          0x0000000008004bc4        0x8 f:/stm32cubeide_1.6.0/stm32cubeide/plugins/com.st.stm32cube.ide.mcu.externaltools.gnu-tools-for-stm32.9-2020-q2-update.win32_1.5.0.202011040924/tools/bin/../lib/gcc/arm-none-eabi/9.3.1/thumb/v7e-m+fp/hard/crtn.o
                0x0000000008004bcc                . = ALIGN (0x4)
                0x0000000008004bcc                _etext = .

.vfp11_veneer   0x0000000008004bcc        0x0
 .vfp11_veneer  0x0000000008004bcc        0x0 linker stubs

.v4_bx          0x0000000008004bcc        0x0
 .v4_bx         0x0000000008004bcc        0x0 linker stubs

.iplt           0x0000000008004bcc        0x0
 .iplt          0x0000000008004bcc        0x0 f:/stm32cubeide_1.6.0/stm32cubeide/plugins/com.st.stm32cube.ide.mcu.externaltools.gnu-tools-for-stm32.9-2020-q2-update.win32_1.5.0.202011040924/tools/bin/../lib/gcc/arm-none-eabi/9.3.1/thumb/v7e-m+fp/hard/crtbegin.o

.rodata         0x0000000008004bcc       0x38
                0x0000000008004bcc                . = ALIGN (0x4)
 *(.rodata)
 *(.rodata*)
 .rodata.AHBPrescTable
                0x0000000008004bcc       0x10 Core/Src/system_stm32f3xx.o
                0x0000000008004bcc                AHBPrescTable
 .rodata.APBPrescTable
                0x0000000008004bdc        0x8 Core/Src/system_stm32f3xx.o
                0x0000000008004bdc                APBPrescTable
 .rodata.aPLLMULFactorTable
                0x0000000008004be4       0x10 Drivers/STM32F3xx_HAL_Driver/Src/stm32f3xx_hal_rcc.o
                0x0000000008004be4                aPLLMULFactorTable
 .rodata.aPredivFactorTable
                0x0000000008004bf4       0x10 Drivers/STM32F3xx_HAL_Driver/Src/stm32f3xx_hal_rcc.o
                0x0000000008004bf4                aPredivFactorTable
                0x0000000008004c04                . = ALIGN (0x4)

.rel.dyn        0x0000000008004c04        0x0
 .rel.iplt      0x0000000008004c04        0x0 f:/stm32cubeide_1.6.0/stm32cubeide/plugins/com.st.stm32cube.ide.mcu.externaltools.gnu-tools-for-stm32.9-2020-q2-update.win32_1.5.0.202011040924/tools/bin/../lib/gcc/arm-none-eabi/9.3.1/thumb/v7e-m+fp/hard/crtbegin.o

.ARM.extab      0x0000000008004c04        0x0
                0x0000000008004c04                . = ALIGN (0x4)
 *(.ARM.extab* .gnu.linkonce.armextab.*)
                0x0000000008004c04                . = ALIGN (0x4)

.ARM            0x0000000008004c04        0x0
                0x0000000008004c04                . = ALIGN (0x4)
                0x0000000008004c04                __exidx_start = .
 *(.ARM.exidx*)
                0x0000000008004c04                __exidx_end = .
                0x0000000008004c04                . = ALIGN (0x4)

.preinit_array  0x0000000008004c04        0x0
                0x0000000008004c04                . = ALIGN (0x4)
                0x0000000008004c04                PROVIDE (__preinit_array_start = .)
 *(.preinit_array*)
                0x0000000008004c04                PROVIDE (__preinit_array_end = .)
                0x0000000008004c04                . = ALIGN (0x4)

.init_array     0x0000000008004c04        0x4
                0x0000000008004c04                . = ALIGN (0x4)
                0x0000000008004c04                PROVIDE (__init_array_start = .)
 *(SORT_BY_NAME(.init_array.*))
 *(.init_array*)
 .init_array    0x0000000008004c04        0x4 f:/stm32cubeide_1.6.0/stm32cubeide/plugins/com.st.stm32cube.ide.mcu.externaltools.gnu-tools-for-stm32.9-2020-q2-update.win32_1.5.0.202011040924/tools/bin/../lib/gcc/arm-none-eabi/9.3.1/thumb/v7e-m+fp/hard/crtbegin.o
                0x0000000008004c08                PROVIDE (__init_array_end = .)
                0x0000000008004c08                . = ALIGN (0x4)

.fini_array     0x0000000008004c08        0x4
                0x0000000008004c08                . = ALIGN (0x4)
                [!provide]                        PROVIDE (__fini_array_start = .)
 *(SORT_BY_NAME(.fini_array.*))
 *(.fini_array*)
 .fini_array    0x0000000008004c08        0x4 f:/stm32cubeide_1.6.0/stm32cubeide/plugins/com.st.stm32cube.ide.mcu.externaltools.gnu-tools-for-stm32.9-2020-q2-update.win32_1.5.0.202011040924/tools/bin/../lib/gcc/arm-none-eabi/9.3.1/thumb/v7e-m+fp/hard/crtbegin.o
                [!provide]                        PROVIDE (__fini_array_end = .)
                0x0000000008004c0c                . = ALIGN (0x4)
                0x0000000008004c0c                _sidata = LOADADDR (.data)

.data           0x0000000020000000       0x1c load address 0x0000000008004c0c
                0x0000000020000000                . = ALIGN (0x4)
                0x0000000020000000                _sdata = .
 *(.data)
 *(.data*)
 .data.LD_ADDR  0x0000000020000000        0x1 Core/Src/main.o
                0x0000000020000000                LD_ADDR
 *fill*         0x0000000020000001        0x3 
 .data.pid_kp   0x0000000020000004        0x4 Core/Src/main.o
                0x0000000020000004                pid_kp
 .data.pid_kd   0x0000000020000008        0x4 Core/Src/main.o
                0x0000000020000008                pid_kd
 .data.pid_dc_offset
                0x000000002000000c        0x4 Core/Src/main.o
                0x000000002000000c                pid_dc_offset
 .data.SystemCoreClock
                0x0000000020000010        0x4 Core/Src/system_stm32f3xx.o
                0x0000000020000010                SystemCoreClock
 .data.uwTickPrio
                0x0000000020000014        0x4 Drivers/STM32F3xx_HAL_Driver/Src/stm32f3xx_hal.o
                0x0000000020000014                uwTickPrio
 .data.uwTickFreq
                0x0000000020000018        0x1 Drivers/STM32F3xx_HAL_Driver/Src/stm32f3xx_hal.o
                0x0000000020000018                uwTickFreq
 *(.RamFunc)
 *(.RamFunc*)
                0x000000002000001c                . = ALIGN (0x4)
 *fill*         0x0000000020000019        0x3 
                0x000000002000001c                _edata = .

.igot.plt       0x000000002000001c        0x0 load address 0x0000000008004c28
 .igot.plt      0x000000002000001c        0x0 f:/stm32cubeide_1.6.0/stm32cubeide/plugins/com.st.stm32cube.ide.mcu.externaltools.gnu-tools-for-stm32.9-2020-q2-update.win32_1.5.0.202011040924/tools/bin/../lib/gcc/arm-none-eabi/9.3.1/thumb/v7e-m+fp/hard/crtbegin.o
                0x000000002000001c                . = ALIGN (0x4)

.bss            0x000000002000001c      0x160 load address 0x0000000008004c28
                0x000000002000001c                _sbss = .
                0x000000002000001c                __bss_start__ = _sbss
 *(.bss)
 .bss           0x000000002000001c       0x1c f:/stm32cubeide_1.6.0/stm32cubeide/plugins/com.st.stm32cube.ide.mcu.externaltools.gnu-tools-for-stm32.9-2020-q2-update.win32_1.5.0.202011040924/tools/bin/../lib/gcc/arm-none-eabi/9.3.1/thumb/v7e-m+fp/hard/crtbegin.o
 *(.bss*)
 .bss.pid_ki    0x0000000020000038        0x4 Core/Src/main.o
                0x0000000020000038                pid_ki
 .bss.pid_proportional
                0x000000002000003c        0x4 Core/Src/main.o
                0x000000002000003c                pid_proportional
 .bss.pid_integral
                0x0000000020000040        0x4 Core/Src/main.o
                0x0000000020000040                pid_integral
 .bss.pid_derivative
                0x0000000020000044        0x4 Core/Src/main.o
                0x0000000020000044                pid_derivative
 .bss.pid_combinedError
                0x0000000020000048        0x4 Core/Src/main.o
                0x0000000020000048                pid_combinedError
 .bss.pid_lastError
                0x000000002000004c        0x4 Core/Src/main.o
                0x000000002000004c                pid_lastError
 .bss.pid_totalError
                0x0000000020000050        0x4 Core/Src/main.o
                0x0000000020000050                pid_totalError
 .bss.motarDuty
                0x0000000020000054        0x2 Core/Src/main.o
                0x0000000020000054                motarDuty
 *(COMMON)
 *fill*         0x0000000020000056        0x2 
 COMMON         0x0000000020000058      0x120 Core/Src/main.o
                0x0000000020000058                hi2c1
                0x00000000200000a4                pid_error
                0x00000000200000a8                htim2
                0x00000000200000f4                huart2
 COMMON         0x0000000020000178        0x4 Drivers/STM32F3xx_HAL_Driver/Src/stm32f3xx_hal.o
                0x0000000020000178                uwTick
                0x000000002000017c                . = ALIGN (0x4)
                0x000000002000017c                _ebss = .
                0x000000002000017c                __bss_end__ = _ebss

._user_heap_stack
                0x000000002000017c      0x604 load address 0x0000000008004c28
                0x0000000020000180                . = ALIGN (0x8)
 *fill*         0x000000002000017c        0x4 
                [!provide]                        PROVIDE (end = .)
                0x0000000020000180                PROVIDE (_end = .)
                0x0000000020000380                . = (. + _Min_Heap_Size)
 *fill*         0x0000000020000180      0x200 
                0x0000000020000780                . = (. + _Min_Stack_Size)
 *fill*         0x0000000020000380      0x400 
                0x0000000020000780                . = ALIGN (0x8)

/DISCARD/
 libc.a(*)
 libm.a(*)
 libgcc.a(*)

.ARM.attributes
                0x0000000000000000       0x30
 *(.ARM.attributes)
 .ARM.attributes
                0x0000000000000000       0x1e f:/stm32cubeide_1.6.0/stm32cubeide/plugins/com.st.stm32cube.ide.mcu.externaltools.gnu-tools-for-stm32.9-2020-q2-update.win32_1.5.0.202011040924/tools/bin/../lib/gcc/arm-none-eabi/9.3.1/thumb/v7e-m+fp/hard/crti.o
 .ARM.attributes
                0x000000000000001e       0x34 f:/stm32cubeide_1.6.0/stm32cubeide/plugins/com.st.stm32cube.ide.mcu.externaltools.gnu-tools-for-stm32.9-2020-q2-update.win32_1.5.0.202011040924/tools/bin/../lib/gcc/arm-none-eabi/9.3.1/thumb/v7e-m+fp/hard/crtbegin.o
 .ARM.attributes
                0x0000000000000052       0x34 Core/Src/main.o
 .ARM.attributes
                0x0000000000000086       0x34 Core/Src/stm32f3xx_hal_msp.o
 .ARM.attributes
                0x00000000000000ba       0x34 Core/Src/stm32f3xx_it.o
 .ARM.attributes
                0x00000000000000ee       0x34 Core/Src/system_stm32f3xx.o
 .ARM.attributes
                0x0000000000000122       0x21 Core/Startup/startup_stm32f334k8tx.o
 .ARM.attributes
                0x0000000000000143       0x34 Drivers/STM32F3xx_HAL_Driver/Src/stm32f3xx_hal.o
 .ARM.attributes
                0x0000000000000177       0x34 Drivers/STM32F3xx_HAL_Driver/Src/stm32f3xx_hal_cortex.o
 .ARM.attributes
                0x00000000000001ab       0x34 Drivers/STM32F3xx_HAL_Driver/Src/stm32f3xx_hal_gpio.o
 .ARM.attributes
                0x00000000000001df       0x34 Drivers/STM32F3xx_HAL_Driver/Src/stm32f3xx_hal_i2c.o
 .ARM.attributes
                0x0000000000000213       0x34 Drivers/STM32F3xx_HAL_Driver/Src/stm32f3xx_hal_i2c_ex.o
 .ARM.attributes
                0x0000000000000247       0x34 Drivers/STM32F3xx_HAL_Driver/Src/stm32f3xx_hal_rcc.o
 .ARM.attributes
                0x000000000000027b       0x34 Drivers/STM32F3xx_HAL_Driver/Src/stm32f3xx_hal_rcc_ex.o
 .ARM.attributes
                0x00000000000002af       0x34 Drivers/STM32F3xx_HAL_Driver/Src/stm32f3xx_hal_tim.o
 .ARM.attributes
                0x00000000000002e3       0x34 Drivers/STM32F3xx_HAL_Driver/Src/stm32f3xx_hal_tim_ex.o
 .ARM.attributes
                0x0000000000000317       0x34 Drivers/STM32F3xx_HAL_Driver/Src/stm32f3xx_hal_uart.o
 .ARM.attributes
                0x000000000000034b       0x34 f:/stm32cubeide_1.6.0/stm32cubeide/plugins/com.st.stm32cube.ide.mcu.externaltools.gnu-tools-for-stm32.9-2020-q2-update.win32_1.5.0.202011040924/tools/bin/../lib/gcc/arm-none-eabi/9.3.1/../../../../arm-none-eabi/lib/thumb/v7e-m+fp/hard\libc_nano.a(lib_a-init.o)
 .ARM.attributes
                0x000000000000037f       0x34 f:/stm32cubeide_1.6.0/stm32cubeide/plugins/com.st.stm32cube.ide.mcu.externaltools.gnu-tools-for-stm32.9-2020-q2-update.win32_1.5.0.202011040924/tools/bin/../lib/gcc/arm-none-eabi/9.3.1/../../../../arm-none-eabi/lib/thumb/v7e-m+fp/hard\libc_nano.a(lib_a-memset.o)
 .ARM.attributes
                0x00000000000003b3       0x1e f:/stm32cubeide_1.6.0/stm32cubeide/plugins/com.st.stm32cube.ide.mcu.externaltools.gnu-tools-for-stm32.9-2020-q2-update.win32_1.5.0.202011040924/tools/bin/../lib/gcc/arm-none-eabi/9.3.1/thumb/v7e-m+fp/hard/crtn.o
OUTPUT(flamingo.elf elf32-littlearm)
LOAD linker stubs
LOAD f:/stm32cubeide_1.6.0/stm32cubeide/plugins/com.st.stm32cube.ide.mcu.externaltools.gnu-tools-for-stm32.9-2020-q2-update.win32_1.5.0.202011040924/tools/bin/../lib/gcc/arm-none-eabi/9.3.1/../../../../arm-none-eabi/lib/thumb/v7e-m+fp/hard\libc.a
LOAD f:/stm32cubeide_1.6.0/stm32cubeide/plugins/com.st.stm32cube.ide.mcu.externaltools.gnu-tools-for-stm32.9-2020-q2-update.win32_1.5.0.202011040924/tools/bin/../lib/gcc/arm-none-eabi/9.3.1/../../../../arm-none-eabi/lib/thumb/v7e-m+fp/hard\libm.a
LOAD f:/stm32cubeide_1.6.0/stm32cubeide/plugins/com.st.stm32cube.ide.mcu.externaltools.gnu-tools-for-stm32.9-2020-q2-update.win32_1.5.0.202011040924/tools/bin/../lib/gcc/arm-none-eabi/9.3.1/thumb/v7e-m+fp/hard\libgcc.a

.debug_info     0x0000000000000000     0xf78a
 .debug_info    0x0000000000000000     0x2221 Core/Src/main.o
 .debug_info    0x0000000000002221     0x11cb Core/Src/stm32f3xx_hal_msp.o
 .debug_info    0x00000000000033ec      0x225 Core/Src/stm32f3xx_it.o
 .debug_info    0x0000000000003611      0x49a Core/Src/system_stm32f3xx.o
 .debug_info    0x0000000000003aab       0x22 Core/Startup/startup_stm32f334k8tx.o
 .debug_info    0x0000000000003acd      0x7dd Drivers/STM32F3xx_HAL_Driver/Src/stm32f3xx_hal.o
 .debug_info    0x00000000000042aa      0xc09 Drivers/STM32F3xx_HAL_Driver/Src/stm32f3xx_hal_cortex.o
 .debug_info    0x0000000000004eb3      0x83d Drivers/STM32F3xx_HAL_Driver/Src/stm32f3xx_hal_gpio.o
 .debug_info    0x00000000000056f0     0x21c4 Drivers/STM32F3xx_HAL_Driver/Src/stm32f3xx_hal_i2c.o
 .debug_info    0x00000000000078b4      0xa2c Drivers/STM32F3xx_HAL_Driver/Src/stm32f3xx_hal_i2c_ex.o
 .debug_info    0x00000000000082e0     0x15b5 Drivers/STM32F3xx_HAL_Driver/Src/stm32f3xx_hal_rcc.o
 .debug_info    0x0000000000009895      0x61d Drivers/STM32F3xx_HAL_Driver/Src/stm32f3xx_hal_rcc_ex.o
 .debug_info    0x0000000000009eb2     0x2b64 Drivers/STM32F3xx_HAL_Driver/Src/stm32f3xx_hal_tim.o
 .debug_info    0x000000000000ca16     0x157e Drivers/STM32F3xx_HAL_Driver/Src/stm32f3xx_hal_tim_ex.o
 .debug_info    0x000000000000df94     0x17f6 Drivers/STM32F3xx_HAL_Driver/Src/stm32f3xx_hal_uart.o

.debug_abbrev   0x0000000000000000     0x1e9c
 .debug_abbrev  0x0000000000000000      0x353 Core/Src/main.o
 .debug_abbrev  0x0000000000000353      0x213 Core/Src/stm32f3xx_hal_msp.o
 .debug_abbrev  0x0000000000000566       0xd2 Core/Src/stm32f3xx_it.o
 .debug_abbrev  0x0000000000000638      0x145 Core/Src/system_stm32f3xx.o
 .debug_abbrev  0x000000000000077d       0x12 Core/Startup/startup_stm32f334k8tx.o
 .debug_abbrev  0x000000000000078f      0x1ed Drivers/STM32F3xx_HAL_Driver/Src/stm32f3xx_hal.o
 .debug_abbrev  0x000000000000097c      0x313 Drivers/STM32F3xx_HAL_Driver/Src/stm32f3xx_hal_cortex.o
 .debug_abbrev  0x0000000000000c8f      0x1e8 Drivers/STM32F3xx_HAL_Driver/Src/stm32f3xx_hal_gpio.o
 .debug_abbrev  0x0000000000000e77      0x256 Drivers/STM32F3xx_HAL_Driver/Src/stm32f3xx_hal_i2c.o
 .debug_abbrev  0x00000000000010cd      0x1dd Drivers/STM32F3xx_HAL_Driver/Src/stm32f3xx_hal_i2c_ex.o
 .debug_abbrev  0x00000000000012aa      0x2c4 Drivers/STM32F3xx_HAL_Driver/Src/stm32f3xx_hal_rcc.o
 .debug_abbrev  0x000000000000156e      0x22b Drivers/STM32F3xx_HAL_Driver/Src/stm32f3xx_hal_rcc_ex.o
 .debug_abbrev  0x0000000000001799      0x25e Drivers/STM32F3xx_HAL_Driver/Src/stm32f3xx_hal_tim.o
 .debug_abbrev  0x00000000000019f7      0x266 Drivers/STM32F3xx_HAL_Driver/Src/stm32f3xx_hal_tim_ex.o
 .debug_abbrev  0x0000000000001c5d      0x23f Drivers/STM32F3xx_HAL_Driver/Src/stm32f3xx_hal_uart.o

.debug_aranges  0x0000000000000000      0xf08
 .debug_aranges
                0x0000000000000000       0xb0 Core/Src/main.o
 .debug_aranges
                0x00000000000000b0       0x58 Core/Src/stm32f3xx_hal_msp.o
 .debug_aranges
                0x0000000000000108       0x60 Core/Src/stm32f3xx_it.o
 .debug_aranges
                0x0000000000000168       0x28 Core/Src/system_stm32f3xx.o
 .debug_aranges
                0x0000000000000190       0x28 Core/Startup/startup_stm32f334k8tx.o
 .debug_aranges
                0x00000000000001b8       0xe0 Drivers/STM32F3xx_HAL_Driver/Src/stm32f3xx_hal.o
 .debug_aranges
                0x0000000000000298      0x100 Drivers/STM32F3xx_HAL_Driver/Src/stm32f3xx_hal_cortex.o
 .debug_aranges
                0x0000000000000398       0x58 Drivers/STM32F3xx_HAL_Driver/Src/stm32f3xx_hal_gpio.o
 .debug_aranges
                0x00000000000003f0      0x290 Drivers/STM32F3xx_HAL_Driver/Src/stm32f3xx_hal_i2c.o
 .debug_aranges
                0x0000000000000680       0x48 Drivers/STM32F3xx_HAL_Driver/Src/stm32f3xx_hal_i2c_ex.o
 .debug_aranges
                0x00000000000006c8       0x88 Drivers/STM32F3xx_HAL_Driver/Src/stm32f3xx_hal_rcc.o
 .debug_aranges
                0x0000000000000750       0x38 Drivers/STM32F3xx_HAL_Driver/Src/stm32f3xx_hal_rcc_ex.o
 .debug_aranges
                0x0000000000000788      0x3e0 Drivers/STM32F3xx_HAL_Driver/Src/stm32f3xx_hal_tim.o
 .debug_aranges
                0x0000000000000b68      0x178 Drivers/STM32F3xx_HAL_Driver/Src/stm32f3xx_hal_tim_ex.o
 .debug_aranges
                0x0000000000000ce0      0x228 Drivers/STM32F3xx_HAL_Driver/Src/stm32f3xx_hal_uart.o

.debug_ranges   0x0000000000000000      0xe50
 .debug_ranges  0x0000000000000000       0xa0 Core/Src/main.o
 .debug_ranges  0x00000000000000a0       0x48 Core/Src/stm32f3xx_hal_msp.o
 .debug_ranges  0x00000000000000e8       0x50 Core/Src/stm32f3xx_it.o
 .debug_ranges  0x0000000000000138       0x18 Core/Src/system_stm32f3xx.o
 .debug_ranges  0x0000000000000150       0x20 Core/Startup/startup_stm32f334k8tx.o
 .debug_ranges  0x0000000000000170       0xd0 Drivers/STM32F3xx_HAL_Driver/Src/stm32f3xx_hal.o
 .debug_ranges  0x0000000000000240       0xf0 Drivers/STM32F3xx_HAL_Driver/Src/stm32f3xx_hal_cortex.o
 .debug_ranges  0x0000000000000330       0x48 Drivers/STM32F3xx_HAL_Driver/Src/stm32f3xx_hal_gpio.o
 .debug_ranges  0x0000000000000378      0x280 Drivers/STM32F3xx_HAL_Driver/Src/stm32f3xx_hal_i2c.o
 .debug_ranges  0x00000000000005f8       0x38 Drivers/STM32F3xx_HAL_Driver/Src/stm32f3xx_hal_i2c_ex.o
 .debug_ranges  0x0000000000000630       0x78 Drivers/STM32F3xx_HAL_Driver/Src/stm32f3xx_hal_rcc.o
 .debug_ranges  0x00000000000006a8       0x28 Drivers/STM32F3xx_HAL_Driver/Src/stm32f3xx_hal_rcc_ex.o
 .debug_ranges  0x00000000000006d0      0x3d0 Drivers/STM32F3xx_HAL_Driver/Src/stm32f3xx_hal_tim.o
 .debug_ranges  0x0000000000000aa0      0x168 Drivers/STM32F3xx_HAL_Driver/Src/stm32f3xx_hal_tim_ex.o
 .debug_ranges  0x0000000000000c08      0x248 Drivers/STM32F3xx_HAL_Driver/Src/stm32f3xx_hal_uart.o

.debug_macro    0x0000000000000000    0x200dc
 .debug_macro   0x0000000000000000      0x35f Core/Src/main.o
 .debug_macro   0x000000000000035f      0xaa8 Core/Src/main.o
 .debug_macro   0x0000000000000e07      0x157 Core/Src/main.o
 .debug_macro   0x0000000000000f5e       0x2e Core/Src/main.o
 .debug_macro   0x0000000000000f8c       0x28 Core/Src/main.o
 .debug_macro   0x0000000000000fb4       0x22 Core/Src/main.o
 .debug_macro   0x0000000000000fd6       0x8e Core/Src/main.o
 .debug_macro   0x0000000000001064       0x51 Core/Src/main.o
 .debug_macro   0x00000000000010b5      0x103 Core/Src/main.o
 .debug_macro   0x00000000000011b8       0x6a Core/Src/main.o
 .debug_macro   0x0000000000001222      0x1df Core/Src/main.o
 .debug_macro   0x0000000000001401       0x1c Core/Src/main.o
 .debug_macro   0x000000000000141d       0x22 Core/Src/main.o
 .debug_macro   0x000000000000143f       0xdf Core/Src/main.o
 .debug_macro   0x000000000000151e      0xf07 Core/Src/main.o
 .debug_macro   0x0000000000002425    0x15464 Core/Src/main.o
 .debug_macro   0x0000000000017889       0x43 Core/Src/main.o
 .debug_macro   0x00000000000178cc     0x35e9 Core/Src/main.o
 .debug_macro   0x000000000001aeb5      0x174 Core/Src/main.o
 .debug_macro   0x000000000001b029       0x55 Core/Src/main.o
 .debug_macro   0x000000000001b07e      0x8f9 Core/Src/main.o
 .debug_macro   0x000000000001b977      0x358 Core/Src/main.o
 .debug_macro   0x000000000001bccf      0x12f Core/Src/main.o
 .debug_macro   0x000000000001bdfe      0x130 Core/Src/main.o
 .debug_macro   0x000000000001bf2e      0x1d5 Core/Src/main.o
 .debug_macro   0x000000000001c103      0x1bc Core/Src/main.o
 .debug_macro   0x000000000001c2bf       0x34 Core/Src/main.o
 .debug_macro   0x000000000001c2f3       0x3c Core/Src/main.o
 .debug_macro   0x000000000001c32f       0x57 Core/Src/main.o
 .debug_macro   0x000000000001c386       0xc5 Core/Src/main.o
 .debug_macro   0x000000000001c44b      0x19f Core/Src/main.o
 .debug_macro   0x000000000001c5ea      0x22c Core/Src/main.o
 .debug_macro   0x000000000001c816       0x5b Core/Src/main.o
 .debug_macro   0x000000000001c871       0xa5 Core/Src/main.o
 .debug_macro   0x000000000001c916       0x81 Core/Src/main.o
 .debug_macro   0x000000000001c997       0xd3 Core/Src/main.o
 .debug_macro   0x000000000001ca6a      0xa3d Core/Src/main.o
 .debug_macro   0x000000000001d4a7       0x59 Core/Src/main.o
 .debug_macro   0x000000000001d500      0x5a5 Core/Src/main.o
 .debug_macro   0x000000000001daa5       0x44 Core/Src/main.o
 .debug_macro   0x000000000001dae9      0x2a1 Core/Src/main.o
 .debug_macro   0x000000000001dd8a       0x52 Core/Src/main.o
 .debug_macro   0x000000000001dddc       0x18 Core/Src/main.o
 .debug_macro   0x000000000001ddf4       0x3c Core/Src/main.o
 .debug_macro   0x000000000001de30       0x34 Core/Src/main.o
 .debug_macro   0x000000000001de64       0x16 Core/Src/main.o
 .debug_macro   0x000000000001de7a       0x43 Core/Src/main.o
 .debug_macro   0x000000000001debd       0x34 Core/Src/main.o
 .debug_macro   0x000000000001def1       0x10 Core/Src/main.o
 .debug_macro   0x000000000001df01       0x58 Core/Src/main.o
 .debug_macro   0x000000000001df59       0x71 Core/Src/main.o
 .debug_macro   0x000000000001dfca       0x1c Core/Src/main.o
 .debug_macro   0x000000000001dfe6      0x12a Core/Src/main.o
 .debug_macro   0x000000000001e110      0x333 Core/Src/main.o
 .debug_macro   0x000000000001e443       0x10 Core/Src/main.o
 .debug_macro   0x000000000001e453       0x35 Core/Src/main.o
 .debug_macro   0x000000000001e488       0x20 Core/Src/main.o
 .debug_macro   0x000000000001e4a8       0x1c Core/Src/main.o
 .debug_macro   0x000000000001e4c4       0x10 Core/Src/main.o
 .debug_macro   0x000000000001e4d4       0x10 Core/Src/main.o
 .debug_macro   0x000000000001e4e4       0x1c Core/Src/main.o
 .debug_macro   0x000000000001e500       0x52 Core/Src/main.o
 .debug_macro   0x000000000001e552       0x22 Core/Src/main.o
 .debug_macro   0x000000000001e574       0x10 Core/Src/main.o
 .debug_macro   0x000000000001e584       0x40 Core/Src/main.o
 .debug_macro   0x000000000001e5c4       0xd5 Core/Src/main.o
 .debug_macro   0x000000000001e699       0x1c Core/Src/main.o
 .debug_macro   0x000000000001e6b5       0x3d Core/Src/main.o
 .debug_macro   0x000000000001e6f2       0x16 Core/Src/main.o
 .debug_macro   0x000000000001e708      0x145 Core/Src/main.o
 .debug_macro   0x000000000001e84d      0x1d0 Core/Src/stm32f3xx_hal_msp.o
 .debug_macro   0x000000000001ea1d      0x1da Core/Src/stm32f3xx_it.o
 .debug_macro   0x000000000001ebf7      0x1c6 Core/Src/system_stm32f3xx.o
 .debug_macro   0x000000000001edbd      0x1ea Drivers/STM32F3xx_HAL_Driver/Src/stm32f3xx_hal.o
 .debug_macro   0x000000000001efa7      0x1c6 Drivers/STM32F3xx_HAL_Driver/Src/stm32f3xx_hal_cortex.o
 .debug_macro   0x000000000001f16d      0x1fe Drivers/STM32F3xx_HAL_Driver/Src/stm32f3xx_hal_gpio.o
 .debug_macro   0x000000000001f36b      0x28b Drivers/STM32F3xx_HAL_Driver/Src/stm32f3xx_hal_i2c.o
 .debug_macro   0x000000000001f5f6      0x1c6 Drivers/STM32F3xx_HAL_Driver/Src/stm32f3xx_hal_i2c_ex.o
 .debug_macro   0x000000000001f7bc      0x1ea Drivers/STM32F3xx_HAL_Driver/Src/stm32f3xx_hal_rcc.o
 .debug_macro   0x000000000001f9a6      0x1c6 Drivers/STM32F3xx_HAL_Driver/Src/stm32f3xx_hal_rcc_ex.o
 .debug_macro   0x000000000001fb6c      0x1c7 Drivers/STM32F3xx_HAL_Driver/Src/stm32f3xx_hal_tim.o
 .debug_macro   0x000000000001fd33      0x1c6 Drivers/STM32F3xx_HAL_Driver/Src/stm32f3xx_hal_tim_ex.o
 .debug_macro   0x000000000001fef9      0x1e3 Drivers/STM32F3xx_HAL_Driver/Src/stm32f3xx_hal_uart.o

.debug_line     0x0000000000000000    0x11094
 .debug_line    0x0000000000000000      0xd68 Core/Src/main.o
 .debug_line    0x0000000000000d68      0x7ea Core/Src/stm32f3xx_hal_msp.o
 .debug_line    0x0000000000001552      0x799 Core/Src/stm32f3xx_it.o
 .debug_line    0x0000000000001ceb      0x74d Core/Src/system_stm32f3xx.o
 .debug_line    0x0000000000002438       0x88 Core/Startup/startup_stm32f334k8tx.o
 .debug_line    0x00000000000024c0      0x982 Drivers/STM32F3xx_HAL_Driver/Src/stm32f3xx_hal.o
 .debug_line    0x0000000000002e42      0xb6a Drivers/STM32F3xx_HAL_Driver/Src/stm32f3xx_hal_cortex.o
 .debug_line    0x00000000000039ac      0xad9 Drivers/STM32F3xx_HAL_Driver/Src/stm32f3xx_hal_gpio.o
 .debug_line    0x0000000000004485     0x3297 Drivers/STM32F3xx_HAL_Driver/Src/stm32f3xx_hal_i2c.o
 .debug_line    0x000000000000771c      0x8f4 Drivers/STM32F3xx_HAL_Driver/Src/stm32f3xx_hal_i2c_ex.o
 .debug_line    0x0000000000008010     0x135c Drivers/STM32F3xx_HAL_Driver/Src/stm32f3xx_hal_rcc.o
 .debug_line    0x000000000000936c      0xa6e Drivers/STM32F3xx_HAL_Driver/Src/stm32f3xx_hal_rcc_ex.o
 .debug_line    0x0000000000009dda     0x3aeb Drivers/STM32F3xx_HAL_Driver/Src/stm32f3xx_hal_tim.o
 .debug_line    0x000000000000d8c5     0x1bc9 Drivers/STM32F3xx_HAL_Driver/Src/stm32f3xx_hal_tim_ex.o
 .debug_line    0x000000000000f48e     0x1c06 Drivers/STM32F3xx_HAL_Driver/Src/stm32f3xx_hal_uart.o

.debug_str      0x0000000000000000    0xc295d
 .debug_str     0x0000000000000000    0xbee79 Core/Src/main.o
                                      0xbf2e8 (size before relaxing)
 .debug_str     0x00000000000bee79       0xcc Core/Src/stm32f3xx_hal_msp.o
                                      0xbac31 (size before relaxing)
 .debug_str     0x00000000000bef45       0xbd Core/Src/stm32f3xx_it.o
                                      0xba17c (size before relaxing)
 .debug_str     0x00000000000bf002       0xbd Core/Src/system_stm32f3xx.o
                                      0xba1c5 (size before relaxing)
 .debug_str     0x00000000000bf0bf       0x36 Core/Startup/startup_stm32f334k8tx.o
                                         0x65 (size before relaxing)
 .debug_str     0x00000000000bf0f5      0x599 Drivers/STM32F3xx_HAL_Driver/Src/stm32f3xx_hal.o
                                      0xba88b (size before relaxing)
 .debug_str     0x00000000000bf68e      0x2a2 Drivers/STM32F3xx_HAL_Driver/Src/stm32f3xx_hal_cortex.o
                                      0xba86c (size before relaxing)
 .debug_str     0x00000000000bf930      0x278 Drivers/STM32F3xx_HAL_Driver/Src/stm32f3xx_hal_gpio.o
                                      0xba49d (size before relaxing)
 .debug_str     0x00000000000bfba8      0xdc0 Drivers/STM32F3xx_HAL_Driver/Src/stm32f3xx_hal_i2c.o
                                      0xbb419 (size before relaxing)
 .debug_str     0x00000000000c0968       0xb8 Drivers/STM32F3xx_HAL_Driver/Src/stm32f3xx_hal_i2c_ex.o
                                      0xba782 (size before relaxing)
 .debug_str     0x00000000000c0a20      0x2e5 Drivers/STM32F3xx_HAL_Driver/Src/stm32f3xx_hal_rcc.o
                                      0xba633 (size before relaxing)
 .debug_str     0x00000000000c0d05       0xd8 Drivers/STM32F3xx_HAL_Driver/Src/stm32f3xx_hal_rcc_ex.o
                                      0xba35c (size before relaxing)
 .debug_str     0x00000000000c0ddd      0xdaf Drivers/STM32F3xx_HAL_Driver/Src/stm32f3xx_hal_tim.o
                                      0xbb581 (size before relaxing)
 .debug_str     0x00000000000c1b8c      0x579 Drivers/STM32F3xx_HAL_Driver/Src/stm32f3xx_hal_tim_ex.o
                                      0xbadae (size before relaxing)
 .debug_str     0x00000000000c2105      0x858 Drivers/STM32F3xx_HAL_Driver/Src/stm32f3xx_hal_uart.o
                                      0xbae20 (size before relaxing)

.comment        0x0000000000000000       0x53
 .comment       0x0000000000000000       0x53 Core/Src/main.o
                                         0x54 (size before relaxing)
 .comment       0x0000000000000053       0x54 Core/Src/stm32f3xx_hal_msp.o
 .comment       0x0000000000000053       0x54 Core/Src/stm32f3xx_it.o
 .comment       0x0000000000000053       0x54 Core/Src/system_stm32f3xx.o
 .comment       0x0000000000000053       0x54 Drivers/STM32F3xx_HAL_Driver/Src/stm32f3xx_hal.o
 .comment       0x0000000000000053       0x54 Drivers/STM32F3xx_HAL_Driver/Src/stm32f3xx_hal_cortex.o
 .comment       0x0000000000000053       0x54 Drivers/STM32F3xx_HAL_Driver/Src/stm32f3xx_hal_gpio.o
 .comment       0x0000000000000053       0x54 Drivers/STM32F3xx_HAL_Driver/Src/stm32f3xx_hal_i2c.o
 .comment       0x0000000000000053       0x54 Drivers/STM32F3xx_HAL_Driver/Src/stm32f3xx_hal_i2c_ex.o
 .comment       0x0000000000000053       0x54 Drivers/STM32F3xx_HAL_Driver/Src/stm32f3xx_hal_rcc.o
 .comment       0x0000000000000053       0x54 Drivers/STM32F3xx_HAL_Driver/Src/stm32f3xx_hal_rcc_ex.o
 .comment       0x0000000000000053       0x54 Drivers/STM32F3xx_HAL_Driver/Src/stm32f3xx_hal_tim.o
 .comment       0x0000000000000053       0x54 Drivers/STM32F3xx_HAL_Driver/Src/stm32f3xx_hal_tim_ex.o
 .comment       0x0000000000000053       0x54 Drivers/STM32F3xx_HAL_Driver/Src/stm32f3xx_hal_uart.o

.debug_frame    0x0000000000000000     0x404c
 .debug_frame   0x0000000000000000      0x28c Core/Src/main.o
 .debug_frame   0x000000000000028c      0x13c Core/Src/stm32f3xx_hal_msp.o
 .debug_frame   0x00000000000003c8      0x104 Core/Src/stm32f3xx_it.o
 .debug_frame   0x00000000000004cc       0x58 Core/Src/system_stm32f3xx.o
 .debug_frame   0x0000000000000524      0x334 Drivers/STM32F3xx_HAL_Driver/Src/stm32f3xx_hal.o
 .debug_frame   0x0000000000000858      0x428 Drivers/STM32F3xx_HAL_Driver/Src/stm32f3xx_hal_cortex.o
 .debug_frame   0x0000000000000c80      0x14c Drivers/STM32F3xx_HAL_Driver/Src/stm32f3xx_hal_gpio.o
 .debug_frame   0x0000000000000dcc      0xbe8 Drivers/STM32F3xx_HAL_Driver/Src/stm32f3xx_hal_i2c.o
 .debug_frame   0x00000000000019b4      0x100 Drivers/STM32F3xx_HAL_Driver/Src/stm32f3xx_hal_i2c_ex.o
 .debug_frame   0x0000000000001ab4      0x214 Drivers/STM32F3xx_HAL_Driver/Src/stm32f3xx_hal_rcc.o
 .debug_frame   0x0000000000001cc8       0xb4 Drivers/STM32F3xx_HAL_Driver/Src/stm32f3xx_hal_rcc_ex.o
 .debug_frame   0x0000000000001d7c     0x121c Drivers/STM32F3xx_HAL_Driver/Src/stm32f3xx_hal_tim.o
 .debug_frame   0x0000000000002f98      0x688 Drivers/STM32F3xx_HAL_Driver/Src/stm32f3xx_hal_tim_ex.o
 .debug_frame   0x0000000000003620      0x9e0 Drivers/STM32F3xx_HAL_Driver/Src/stm32f3xx_hal_uart.o
 .debug_frame   0x0000000000004000       0x2c f:/stm32cubeide_1.6.0/stm32cubeide/plugins/com.st.stm32cube.ide.mcu.externaltools.gnu-tools-for-stm32.9-2020-q2-update.win32_1.5.0.202011040924/tools/bin/../lib/gcc/arm-none-eabi/9.3.1/../../../../arm-none-eabi/lib/thumb/v7e-m+fp/hard\libc_nano.a(lib_a-init.o)
 .debug_frame   0x000000000000402c       0x20 f:/stm32cubeide_1.6.0/stm32cubeide/plugins/com.st.stm32cube.ide.mcu.externaltools.gnu-tools-for-stm32.9-2020-q2-update.win32_1.5.0.202011040924/tools/bin/../lib/gcc/arm-none-eabi/9.3.1/../../../../arm-none-eabi/lib/thumb/v7e-m+fp/hard\libc_nano.a(lib_a-memset.o)
